// Vitest Snapshot v1, https://vitest.dev/guide/snapshot.html

exports[`0.13.0からマイグレーションできる 1`] = `
{
  "acceptRetrieveTelemetry": "Accepted",
  "acceptTerms": "Accepted",
  "activePointScrollMode": "OFF",
  "confirmedTips": {
    "engineStartedOnAltPort": false,
    "notifyOnGenerate": false,
    "tweakableSliderByScroll": false,
  },
  "currentTheme": "Default",
  "defaultPresetKeys": {},
  "defaultStyleIds": [],
  "editorFont": "default",
  "enableKatakanaEnglish": true,
  "enableMemoNotation": false,
  "enableMultiEngine": false,
  "enableMultiSelect": true,
  "enablePreset": false,
  "enableRubyNotation": false,
  "engineSettings": {
    "00000000-0000-0000-0000-000000000000": {
      "outputSamplingRate": "engineDefault",
      "useGpu": false,
    },
  },
  "experimentalSetting": {
    "enableInterrogativeUpspeak": false,
    "enableMorphing": false,
    "shouldKeepTuningOnTextChange": false,
    "showParameterPanel": false,
  },
  "hotkeySettings": [
    {
      "action": "语音导出",
      "combination": "Ctrl E",
    },
    {
      "action": "选择并导出声音",
      "combination": "E",
    },
    {
      "action": "剪辑并导出声音",
      "combination": "",
    },
    {
      "action": "播放/停止",
      "combination": "Space",
    },
    {
      "action": "连续播放/停止",
      "combination": "Shift Space",
    },
    {
      "action": "显示重音栏",
      "combination": "1",
    },
    {
      "action": "显示语调字段",
      "combination": "2",
    },
    {
      "action": "显示长度栏",
      "combination": "3",
    },
    {
      "action": "添加文本栏",
      "combination": "Shift Enter",
    },
    {
      "action": "复制文本字段",
      "combination": "Ctrl D",
    },
    {
      "action": "删除文本字段",
      "combination": "Shift Delete",
    },
    {
      "action": "从文本字段移出焦点",
      "combination": "Escape",
    },
    {
      "action": "重新聚焦文本字段",
      "combination": "Enter",
    },
    {
      "action": "恢复",
      "combination": "Ctrl Z",
    },
    {
      "action": "重新开始",
      "combination": "Ctrl Y",
    },
    {
      "action": "放大",
      "combination": "",
    },
    {
      "action": "缩小",
      "combination": "",
    },
    {
      "action": "重置放大率",
      "combination": "",
    },
    {
      "action": "新项目",
      "combination": "Ctrl N",
    },
    {
      "action": "全屏显示",
      "combination": "F11",
    },
    {
      "action": "保存并覆盖项目",
      "combination": "Ctrl S",
    },
    {
      "action": "命名并保存项目",
      "combination": "Ctrl Shift S",
    },
    {
      "action": "保存项目副本",
      "combination": "Ctrl Alt S",
    },
    {
      "action": "加载项目",
      "combination": "Ctrl O",
    },
    {
      "action": "加载文本",
      "combination": "",
    },
    {
      "action": "重置语调",
      "combination": "Ctrl G",
    },
    {
      "action": "選択中のアクセント句のイントネーションをリセット",
      "combination": "R",
    },
    {
      "action": "复制",
      "combination": "Ctrl C",
    },
    {
      "action": "剪切",
      "combination": "Ctrl X",
    },
    {
      "action": "粘贴",
      "combination": "Ctrl V",
    },
    {
      "action": "全选",
      "combination": "Ctrl A",
    },
    {
      "action": "取消选择",
      "combination": "",
    },
    {
      "action": "选择第 1 个角色",
      "combination": "Ctrl 1",
    },
    {
      "action": "选择第 2 个角色",
      "combination": "Ctrl 2",
    },
    {
      "action": "选择第 3 个角色",
      "combination": "Ctrl 3",
    },
    {
      "action": "选择第 4 个角色",
      "combination": "Ctrl 4",
    },
    {
      "action": "选择第 5 个角色",
      "combination": "Ctrl 5",
    },
    {
      "action": "选择第 6 个角色",
      "combination": "Ctrl 6",
    },
    {
      "action": "选择第 7 个角色",
      "combination": "Ctrl 7",
    },
    {
      "action": "选择第 8 个角色",
      "combination": "Ctrl 8",
    },
    {
      "action": "选择第 9 个角色",
      "combination": "Ctrl 9",
    },
    {
      "action": "选择第 10 个角色",
      "combination": "Ctrl 0",
    },
  ],
  "inheritAudioInfo": true,
  "openedEditor": "talk",
  "playheadPositionDisplayFormat": "MINUTES_SECONDS",
  "presets": {
    "items": {},
    "keys": [],
  },
  "recentlyUsedProjects": [],
  "registeredEngineDirs": [],
  "savingSetting": {
    "audioOutputDevice": "default",
    "avoidOverwrite": false,
    "exportLab": false,
    "exportText": false,
    "fileEncoding": "UTF-8",
    "fileNamePattern": "",
    "fixedExportDir": "",
    "fixedExportEnabled": false,
    "outputStereo": false,
    "songTrackFileNamePattern": "",
  },
  "shouldApplyDefaultPresetOnVoiceChanged": false,
  "showAddAudioItemButton": true,
  "showSingCharacterPortrait": true,
  "showTextLineNumber": false,
  "splitTextWhenPaste": "PERIOD_AND_NEW_LINE",
  "splitterPosition": {},
  "toolbarSetting": [
    "PLAY_CONTINUOUSLY",
    "STOP",
    "EXPORT_AUDIO_SELECTED",
    "EMPTY",
    "UNDO",
    "REDO",
  ],
  "undoableTrackOperations": {
    "panAndGain": true,
    "soloAndMute": true,
  },
  "userCharacterOrder": [
    "7ffcb7ce-00ec-4bdc-82cd-45a8889e43ff",
    "388f246b-8c41-4ac1-8e2d-5d79f3ff56d9",
    "35b2c544-660e-401e-b503-0e14c635303a",
    "3474ee95-c274-47f9-aa1a-8322163d96f1",
    "b1a81618-b27b-40d2-b0ea-27a9ad408c4b",
    "c30dc15a-0992-4f8d-8bb8-ad3b314e6a6f",
    "e5020595-5c5d-4e87-b849-270a518d0dcf",
    "4f51116a-d9ee-4516-925d-21f183e2afad",
    "8eaad775-3119-417e-8cf4-2a10bfd592c8",
    "481fb609-6446-4870-9f46-90c4dd623403",
    "9f3ee141-26ad-437e-97bd-d22298d02ad2",
    "1a17ca16-7ee5-4ea5-b191-2f02ace24d21",
    "67d5d8da-acd7-4207-bb10-b5542d3a663b",
    "0f56c2f2-644c-49c9-8989-94e11f7129d0",
    "044830d2-f23b-44d6-ac0d-b5d733caa900",
  ],
}
`;
